// Jest Snapshot v1, https://goo.gl/fbAQLP

exports[`<ReadinessLevel /> should render without crashing 1`] = `
.c0 {
  display: -webkit-box;
  display: -webkit-flex;
  display: -ms-flexbox;
  display: flex;
  position: relative;
  padding-left: 2rem;
}

.c0 > img {
  border-radius: 0.5rem;
}

@media screen and (max-width:768px) {
  .c0 > img {
    max-width: 100%;
  }
}

<div>
  <div
    class="c0"
  >
    <img
      alt="Imagem representando a escala com os estÃ¡gios de desenvolvimento da tecnologia"
      src="/technology-readiness-level.svg"
    />
  </div>
</div>
`;
