// Jest Snapshot v1, https://goo.gl/fbAQLP

exports[`Protected component should not render children if user is logged in and does not have the role 1`] = `
.c0 {
  display: -webkit-box;
  display: -webkit-flex;
  display: -ms-flexbox;
  display: flex;
  -webkit-flex-direction: column;
  -ms-flex-direction: column;
  flex-direction: column;
  -webkit-align-items: center;
  -webkit-box-align: center;
  -ms-flex-align: center;
  align-items: center;
  -webkit-box-pack: center;
  -webkit-justify-content: center;
  -ms-flex-pack: center;
  justify-content: center;
  text-align: center;
}

.c0 h1 {
  color: hsla(0,0%,7%);
  font-size: 3.6rem;
  margin: auto;
}

<div>
  <div
    class="c0"
    data-testid="notAuthorized"
  >
    <h1>
      Você não possui autorização para acessar este conteúdo
    </h1>
  </div>
</div>
`;

exports[`Protected component should redirect to another page when user is not logged in and component have a redirect prop 1`] = `
.c0 {
  display: -webkit-box;
  display: -webkit-flex;
  display: -ms-flexbox;
  display: flex;
  -webkit-flex-direction: column;
  -ms-flex-direction: column;
  flex-direction: column;
  -webkit-align-items: center;
  -webkit-box-align: center;
  -ms-flex-align: center;
  align-items: center;
  -webkit-box-pack: center;
  -webkit-justify-content: center;
  -ms-flex-pack: center;
  justify-content: center;
  text-align: center;
}

.c0 h1 {
  color: hsla(0,0%,7%);
  font-size: 3.6rem;
  margin: auto;
}

<div>
  <div
    class="c0"
    data-testid="notAuthorized"
  >
    <h1>
      Você não possui autorização para acessar este conteúdo
    </h1>
  </div>
</div>
`;

exports[`Protected component should redirect to login if user is logged out 1`] = `
.c0 {
  display: -webkit-box;
  display: -webkit-flex;
  display: -ms-flexbox;
  display: flex;
  -webkit-flex-direction: column;
  -ms-flex-direction: column;
  flex-direction: column;
  -webkit-align-items: center;
  -webkit-box-align: center;
  -ms-flex-align: center;
  align-items: center;
  -webkit-box-pack: center;
  -webkit-justify-content: center;
  -ms-flex-pack: center;
  justify-content: center;
  text-align: center;
}

.c0 h1 {
  color: hsla(0,0%,7%);
  font-size: 3.6rem;
  margin: auto;
}

<div>
  <div
    class="c0"
    data-testid="notAuthorized"
  >
    <h1>
      Você não possui autorização para acessar este conteúdo
    </h1>
  </div>
</div>
`;

exports[`Protected component should render children if user is logged in and has the role 1`] = `
<div>
  <h1>
    children
  </h1>
</div>
`;

exports[`Protected component should render children if user is logged in and the component does not require a role 1`] = `
<div>
  <h1>
    children
  </h1>
</div>
`;

exports[`Protected component should return only the inline message when onlyUnauthorizedMessage is provided 1`] = `
.c0 {
  display: -webkit-box;
  display: -webkit-flex;
  display: -ms-flexbox;
  display: flex;
  -webkit-flex-direction: column;
  -ms-flex-direction: column;
  flex-direction: column;
  -webkit-align-items: center;
  -webkit-box-align: center;
  -ms-flex-align: center;
  align-items: center;
  -webkit-box-pack: center;
  -webkit-justify-content: center;
  -ms-flex-pack: center;
  justify-content: center;
  text-align: center;
}

.c0 h1 {
  color: hsla(0,0%,7%);
  font-size: 3.6rem;
  margin: auto;
}

<div>
  <div
    class="c0"
    data-testid="notAuthorized"
  >
    <h1>
      Você não possui autorização para acessar este conteúdo
    </h1>
  </div>
</div>
`;

exports[`Protected component should return the login modal if user is not logged in 1`] = `
.c0 {
  display: -webkit-box;
  display: -webkit-flex;
  display: -ms-flexbox;
  display: flex;
  -webkit-flex-direction: column;
  -ms-flex-direction: column;
  flex-direction: column;
  -webkit-align-items: center;
  -webkit-box-align: center;
  -ms-flex-align: center;
  align-items: center;
  -webkit-box-pack: center;
  -webkit-justify-content: center;
  -ms-flex-pack: center;
  justify-content: center;
  text-align: center;
}

.c0 h1 {
  color: hsla(0,0%,7%);
  font-size: 3.6rem;
  margin: auto;
}

<div>
  <div
    class="c0"
    data-testid="notAuthorized"
  >
    <h1>
      Você não possui autorização para acessar este conteúdo
    </h1>
  </div>
</div>
`;

exports[`Protected component should show an inline login when inline props was passed 1`] = `
.c11 {
  position: relative;
  border: 2px solid transparent;
  background: none;
  font-size: 1.4rem;
  font-weight: bold;
  width: 100%;
  display: -webkit-box;
  display: -webkit-flex;
  display: -ms-flexbox;
  display: flex;
  -webkit-align-items: center;
  -webkit-box-align: center;
  -ms-flex-align: center;
  align-items: center;
  -webkit-box-pack: center;
  -webkit-justify-content: center;
  -ms-flex-pack: center;
  justify-content: center;
  padding: 0.2rem 0.8rem;
  line-height: 2.4rem;
  text-align: center;
  color: hsl(166,100%,34%);
  text-transform: none;
  font-weight: 500;
  border-radius: 0.5rem;
  padding: 0.8rem;
  gap: 0.8rem;
  color: hsla(0,0%,100%);
  background-color: hsl(166,100%,34%);
  text-transform: uppercase;
  font-weight: bold;
}

.c11:disabled {
  opacity: 0.5;
  cursor: not-allowed;
}

.c11:hover:not(:disabled) {
  color: hsla(0,0%,100%);
  background-color: hsl(166,100%,34%);
  border-color: hsl(166,100%,34%);
}

.c11:focus {
  box-shadow: 0px 0px 4px 2px hsla(29,94%,62%);
}

.c11:hover:not(:disabled) {
  opacity: 0.74;
}

.c5 {
  color: hsla(204,7%,15%);
  font-size: 1.4rem;
  font-weight: 500;
}

.c7 {
  display: -webkit-box;
  display: -webkit-flex;
  display: -ms-flexbox;
  display: flex;
  -webkit-align-items: flex-end;
  -webkit-box-align: flex-end;
  -ms-flex-align: flex-end;
  align-items: flex-end;
}

.c8 {
  width: 100%;
  height: 4.4rem;
  font-size: 1.4rem;
  margin: 0.5rem 0;
  padding: 1.2rem;
  opacity: 1;
  background: hsla(0,0%,100%);
  border: 1px solid hsl(0,0%,93%);
  border-radius: 0.5rem;
  color: hsla(0,0%,7%);
}

.c8::-webkit-input-placeholder {
  color: hsla(0,0%,52%);
  font-weight: 300;
  font-style: italic;
}

.c8::-moz-placeholder {
  color: hsla(0,0%,52%);
  font-weight: 300;
  font-style: italic;
}

.c8:-ms-input-placeholder {
  color: hsla(0,0%,52%);
  font-weight: 300;
  font-style: italic;
}

.c8::placeholder {
  color: hsla(0,0%,52%);
  font-weight: 300;
  font-style: italic;
}

.c8::-webkit-input-placeholder {
  color: hsl(0,0%,74%);
  font-style: normal;
}

.c8::-moz-placeholder {
  color: hsl(0,0%,74%);
  font-style: normal;
}

.c8:-ms-input-placeholder {
  color: hsl(0,0%,74%);
  font-style: normal;
}

.c8::placeholder {
  color: hsl(0,0%,74%);
  font-style: normal;
}

.c4 {
  font-size: 1.4rem;
  line-height: 14px;
  display: -webkit-box;
  display: -webkit-flex;
  display: -ms-flexbox;
  display: flex;
  -webkit-flex-direction: column;
  -ms-flex-direction: column;
  flex-direction: column;
}

.c4 > div.wrapper {
  display: -webkit-box;
  display: -webkit-flex;
  display: -ms-flexbox;
  display: flex;
}

.c6 {
  color: hsla(0,79%,63%);
  margin-left: 0.5rem;
  display: inline-block;
}

.c10 {
  color: hsla(204,70%,53%);
  -webkit-align-self: flex-end;
  -ms-flex-item-align: end;
  align-self: flex-end;
  font-weight: 500;
}

.c10:hover {
  -webkit-text-decoration: none;
  text-decoration: none;
}

.c10:focus {
  box-shadow: 0px 0px 4px 2px hsla(29,94%,62%);
}

.c13 {
  color: hsla(204,70%,53%);
  -webkit-align-self: left;
  -ms-flex-item-align: left;
  align-self: left;
  font-weight: 700;
}

.c13:hover {
  -webkit-text-decoration: none;
  text-decoration: none;
}

.c13:focus {
  box-shadow: 0px 0px 4px 2px hsla(29,94%,62%);
}

.c0 {
  display: -webkit-box;
  display: -webkit-flex;
  display: -ms-flexbox;
  display: flex;
  -webkit-flex-direction: column;
  -ms-flex-direction: column;
  flex-direction: column;
  -webkit-align-items: center;
  -webkit-box-align: center;
  -ms-flex-align: center;
  align-items: center;
  -webkit-box-pack: center;
  -webkit-justify-content: center;
  -ms-flex-pack: center;
  justify-content: center;
  -webkit-box-flex: 1;
  -webkit-flex-grow: 1;
  -ms-flex-positive: 1;
  flex-grow: 1;
}

.c1 {
  max-width: 100%;
  width: 33rem;
}

.c2 {
  line-height: 2.8rem;
  margin-bottom: 3.2rem;
}

.c3 {
  display: -webkit-box;
  display: -webkit-flex;
  display: -ms-flexbox;
  display: flex;
  -webkit-flex-direction: column;
  -ms-flex-direction: column;
  flex-direction: column;
  gap: 2.4rem;
}

.c9 {
  display: -webkit-box;
  display: -webkit-flex;
  display: -ms-flexbox;
  display: flex;
  -webkit-flex-direction: column;
  -ms-flex-direction: column;
  flex-direction: column;
  gap: 1.6rem;
}

.c9 > a {
  margin-bottom: 0.8rem;
}

.c12 {
  display: -webkit-box;
  display: -webkit-flex;
  display: -ms-flexbox;
  display: flex;
  -webkit-align-items: center;
  -webkit-box-align: center;
  -ms-flex-align: center;
  align-items: center;
  line-height: 2.4rem;
  color: hsla(0,0%,31%);
  margin-top: 4.8rem;
}

.c12 > a {
  font-size: 1.6rem;
  margin-left: 0.4rem;
}

@media screen and (min-width:768px) {
  .c11 {
    width: 100%;
  }
}

@media screen and (max-width:1023.9px) {
  .c0 {
    -webkit-align-items: center;
    -webkit-box-align: center;
    -ms-flex-align: center;
    align-items: center;
    -webkit-box-pack: start;
    -webkit-justify-content: flex-start;
    -ms-flex-pack: start;
    justify-content: flex-start;
    padding-top: 3.2rem;
  }
}

@media screen and (max-width:1023.9px) {
  .c12 {
    margin-top: 3.2rem;
    -webkit-flex-direction: column;
    -ms-flex-direction: column;
    flex-direction: column;
  }

  .c12 > a {
    margin-left: 0;
  }
}

<div>
  <form
    class="c0"
  >
    <div
      class="c1"
    >
      <h3
        class="c2"
      >
        Faça login com sua conta
      </h3>
      <div
        class="c3"
      >
        <div
          class="c4"
        >
          <label
            class="c5"
            for="email"
          >
            E-mail
             
            <span
              aria-label="Indicador visual de campo obrigatório"
              class="c6"
            >
              *
            </span>
          </label>
          <div
            class="c7"
          >
            <input
              aria-label="E-mail"
              aria-required="true"
              class="c8"
              id="email"
              name="email"
              placeholder="Digite o seu e-mail"
              type="text"
            />
          </div>
        </div>
        <div
          class="c4"
        >
          <label
            class="c5"
            for="password"
          >
            Senha
             
            <span
              aria-label="Indicador visual de campo obrigatório"
              class="c6"
            >
              *
            </span>
          </label>
          <div
            class="c7"
          >
            <input
              aria-label="Senha"
              aria-required="true"
              class="c8"
              id="password"
              name="password"
              placeholder="Digite a sua senha"
              type="password"
            />
          </div>
        </div>
      </div>
      <div
        class="c9"
      >
        <a
          class="c10"
          color="blue"
          target="_self"
        >
          Esqueceu sua senha?
        </a>
        <button
          class="c11"
          name=""
          type="submit"
        >
          Entrar
        </button>
      </div>
    </div>
    <div
      class="c12"
    >
      <span>
        Não possui conta? 
      </span>
      <a
        class="c13"
        color="blue"
        target="_self"
      >
        Cadastre-se agora mesmo
      </a>
    </div>
  </form>
</div>
`;
