// Jest Snapshot v1, https://goo.gl/fbAQLP

exports[`MaskedInputField works as expected if required props are provided 1`] = `
.c2 {
  display: -webkit-box;
  display: -webkit-flex;
  display: -ms-flexbox;
  display: flex;
  -webkit-align-items: flex-end;
  -webkit-box-align: flex-end;
  -ms-flex-align: flex-end;
  align-items: flex-end;
}

.c1 {
  font-size: 1.4rem;
  line-height: 14px;
}

.c1 > div.wrapper {
  display: -webkit-box;
  display: -webkit-flex;
  display: -ms-flexbox;
  display: flex;
}

.c3 {
  width: 100%;
  height: 4.4rem;
  font-size: 1.4rem;
  margin: 0.5rem 0;
  padding: 1.2rem;
  background: hsla(0,0%,100%);
  border: 1px solid hsla(0,0%,80%);
  border-radius: 0.2rem;
  color: hsla(0,0%,40%);
  opacity: 1;
  background: hsla(0,0%,100%);
  border: 1px solid hsla(0,0%,80%);
  border-radius: 0.2rem;
  color: hsla(0,0%,40%);
}

.c3::-webkit-input-placeholder {
  color: hsla(0,0%,52%);
  font-weight: 300;
  font-style: italic;
}

.c3::-moz-placeholder {
  color: hsla(0,0%,52%);
  font-weight: 300;
  font-style: italic;
}

.c3:-ms-input-placeholder {
  color: hsla(0,0%,52%);
  font-weight: 300;
  font-style: italic;
}

.c3::placeholder {
  color: hsla(0,0%,52%);
  font-weight: 300;
  font-style: italic;
}

.c0 {
  margin: 1rem auto;
  padding: 2rem 1rem;
  width: 100%;
}

.c0 button,
.c0 a {
  padding-right: 3rem;
  padding-left: 3rem;
}

.c0 > label {
  width: 100%;
  display: block;
  font-weight: 700;
  font-size: 1.7rem;
}

<div>
  <form
    class="c0"
  >
    <div
      class="c1"
    >
      
      <div
        class="c2"
      >
        <input
          aria-label=""
          class="c3"
          id="cpf"
          name="cpf"
          placeholder=""
          type="text"
          value=""
          variant="default"
        />
      </div>
    </div>
  </form>
</div>
`;

exports[`it does not render a value if the typed value is invalid  1`] = `
.c2 {
  display: -webkit-box;
  display: -webkit-flex;
  display: -ms-flexbox;
  display: flex;
  -webkit-align-items: flex-end;
  -webkit-box-align: flex-end;
  -ms-flex-align: flex-end;
  align-items: flex-end;
}

.c1 {
  font-size: 1.4rem;
  line-height: 14px;
}

.c1 > div.wrapper {
  display: -webkit-box;
  display: -webkit-flex;
  display: -ms-flexbox;
  display: flex;
}

.c3 {
  width: 100%;
  height: 4.4rem;
  font-size: 1.4rem;
  margin: 0.5rem 0;
  padding: 1.2rem;
  background: hsla(0,0%,100%);
  border: 1px solid hsla(0,0%,80%);
  border-radius: 0.2rem;
  color: hsla(0,0%,40%);
  opacity: 1;
  background: hsla(0,0%,100%);
  border: 1px solid hsla(0,0%,80%);
  border-radius: 0.2rem;
  color: hsla(0,0%,40%);
}

.c3::-webkit-input-placeholder {
  color: hsla(0,0%,52%);
  font-weight: 300;
  font-style: italic;
}

.c3::-moz-placeholder {
  color: hsla(0,0%,52%);
  font-weight: 300;
  font-style: italic;
}

.c3:-ms-input-placeholder {
  color: hsla(0,0%,52%);
  font-weight: 300;
  font-style: italic;
}

.c3::placeholder {
  color: hsla(0,0%,52%);
  font-weight: 300;
  font-style: italic;
}

.c0 {
  margin: 1rem auto;
  padding: 2rem 1rem;
  width: 100%;
}

.c0 button,
.c0 a {
  padding-right: 3rem;
  padding-left: 3rem;
}

.c0 > label {
  width: 100%;
  display: block;
  font-weight: 700;
  font-size: 1.7rem;
}

<div>
  <form
    class="c0"
  >
    <div
      class="c1"
    >
      
      <div
        class="c2"
      >
        <input
          aria-label=""
          class="c3"
          id="CEP"
          name="CEP"
          placeholder="Your CEP"
          type="text"
          value="_____-___"
          variant="default"
        />
      </div>
    </div>
  </form>
</div>
`;

exports[`it renders the Mask correctly as the user types 1`] = `
.c2 {
  display: -webkit-box;
  display: -webkit-flex;
  display: -ms-flexbox;
  display: flex;
  -webkit-align-items: flex-end;
  -webkit-box-align: flex-end;
  -ms-flex-align: flex-end;
  align-items: flex-end;
}

.c1 {
  font-size: 1.4rem;
  line-height: 14px;
}

.c1 > div.wrapper {
  display: -webkit-box;
  display: -webkit-flex;
  display: -ms-flexbox;
  display: flex;
}

.c3 {
  width: 100%;
  height: 4.4rem;
  font-size: 1.4rem;
  margin: 0.5rem 0;
  padding: 1.2rem;
  background: hsla(0,0%,100%);
  border: 1px solid hsla(0,0%,80%);
  border-radius: 0.2rem;
  color: hsla(0,0%,40%);
  opacity: 1;
  background: hsla(0,0%,100%);
  border: 1px solid hsla(0,0%,80%);
  border-radius: 0.2rem;
  color: hsla(0,0%,40%);
}

.c3::-webkit-input-placeholder {
  color: hsla(0,0%,52%);
  font-weight: 300;
  font-style: italic;
}

.c3::-moz-placeholder {
  color: hsla(0,0%,52%);
  font-weight: 300;
  font-style: italic;
}

.c3:-ms-input-placeholder {
  color: hsla(0,0%,52%);
  font-weight: 300;
  font-style: italic;
}

.c3::placeholder {
  color: hsla(0,0%,52%);
  font-weight: 300;
  font-style: italic;
}

.c0 {
  margin: 1rem auto;
  padding: 2rem 1rem;
  width: 100%;
}

.c0 button,
.c0 a {
  padding-right: 3rem;
  padding-left: 3rem;
}

.c0 > label {
  width: 100%;
  display: block;
  font-weight: 700;
  font-size: 1.7rem;
}

<div>
  <form
    class="c0"
  >
    <div
      class="c1"
    >
      
      <div
        class="c2"
      >
        <input
          aria-label=""
          class="c3"
          id="CEP"
          name="CEP"
          placeholder="Your CEP"
          type="text"
          value="59655-000"
          variant="default"
        />
      </div>
    </div>
  </form>
</div>
`;

exports[`it renders the value correctly if the default value is provided with a Mask 1`] = `
.c2 {
  display: -webkit-box;
  display: -webkit-flex;
  display: -ms-flexbox;
  display: flex;
  -webkit-align-items: flex-end;
  -webkit-box-align: flex-end;
  -ms-flex-align: flex-end;
  align-items: flex-end;
}

.c1 {
  font-size: 1.4rem;
  line-height: 14px;
}

.c1 > div.wrapper {
  display: -webkit-box;
  display: -webkit-flex;
  display: -ms-flexbox;
  display: flex;
}

.c3 {
  width: 100%;
  height: 4.4rem;
  font-size: 1.4rem;
  margin: 0.5rem 0;
  padding: 1.2rem;
  background: hsla(0,0%,100%);
  border: 1px solid hsla(0,0%,80%);
  border-radius: 0.2rem;
  color: hsla(0,0%,40%);
  opacity: 1;
  background: hsla(0,0%,100%);
  border: 1px solid hsla(0,0%,80%);
  border-radius: 0.2rem;
  color: hsla(0,0%,40%);
}

.c3::-webkit-input-placeholder {
  color: hsla(0,0%,52%);
  font-weight: 300;
  font-style: italic;
}

.c3::-moz-placeholder {
  color: hsla(0,0%,52%);
  font-weight: 300;
  font-style: italic;
}

.c3:-ms-input-placeholder {
  color: hsla(0,0%,52%);
  font-weight: 300;
  font-style: italic;
}

.c3::placeholder {
  color: hsla(0,0%,52%);
  font-weight: 300;
  font-style: italic;
}

.c0 {
  margin: 1rem auto;
  padding: 2rem 1rem;
  width: 100%;
}

.c0 button,
.c0 a {
  padding-right: 3rem;
  padding-left: 3rem;
}

.c0 > label {
  width: 100%;
  display: block;
  font-weight: 700;
  font-size: 1.7rem;
}

<div>
  <form
    class="c0"
  >
    <div
      class="c1"
    >
      
      <div
        class="c2"
      >
        <input
          aria-label=""
          class="c3"
          id="cpf"
          name="cpf"
          placeholder=""
          type="text"
          value="123.123.123-32"
          variant="default"
        />
      </div>
    </div>
  </form>
</div>
`;

exports[`it renders the value correctly if the default value is provided without a Mask 1`] = `
.c2 {
  display: -webkit-box;
  display: -webkit-flex;
  display: -ms-flexbox;
  display: flex;
  -webkit-align-items: flex-end;
  -webkit-box-align: flex-end;
  -ms-flex-align: flex-end;
  align-items: flex-end;
}

.c1 {
  font-size: 1.4rem;
  line-height: 14px;
}

.c1 > div.wrapper {
  display: -webkit-box;
  display: -webkit-flex;
  display: -ms-flexbox;
  display: flex;
}

.c3 {
  width: 100%;
  height: 4.4rem;
  font-size: 1.4rem;
  margin: 0.5rem 0;
  padding: 1.2rem;
  background: hsla(0,0%,100%);
  border: 1px solid hsla(0,0%,80%);
  border-radius: 0.2rem;
  color: hsla(0,0%,40%);
  opacity: 1;
  background: hsla(0,0%,100%);
  border: 1px solid hsla(0,0%,80%);
  border-radius: 0.2rem;
  color: hsla(0,0%,40%);
}

.c3::-webkit-input-placeholder {
  color: hsla(0,0%,52%);
  font-weight: 300;
  font-style: italic;
}

.c3::-moz-placeholder {
  color: hsla(0,0%,52%);
  font-weight: 300;
  font-style: italic;
}

.c3:-ms-input-placeholder {
  color: hsla(0,0%,52%);
  font-weight: 300;
  font-style: italic;
}

.c3::placeholder {
  color: hsla(0,0%,52%);
  font-weight: 300;
  font-style: italic;
}

.c0 {
  margin: 1rem auto;
  padding: 2rem 1rem;
  width: 100%;
}

.c0 button,
.c0 a {
  padding-right: 3rem;
  padding-left: 3rem;
}

.c0 > label {
  width: 100%;
  display: block;
  font-weight: 700;
  font-size: 1.7rem;
}

<div>
  <form
    class="c0"
  >
    <div
      class="c1"
    >
      
      <div
        class="c2"
      >
        <input
          aria-label=""
          class="c3"
          id="cpf"
          name="cpf"
          placeholder=""
          type="text"
          value="123.123.123-32"
          variant="default"
        />
      </div>
    </div>
  </form>
</div>
`;

exports[`it shows the mask correctly when no default value is provided and the input is focused 1`] = `
.c2 {
  display: -webkit-box;
  display: -webkit-flex;
  display: -ms-flexbox;
  display: flex;
  -webkit-align-items: flex-end;
  -webkit-box-align: flex-end;
  -ms-flex-align: flex-end;
  align-items: flex-end;
}

.c1 {
  font-size: 1.4rem;
  line-height: 14px;
}

.c1 > div.wrapper {
  display: -webkit-box;
  display: -webkit-flex;
  display: -ms-flexbox;
  display: flex;
}

.c3 {
  width: 100%;
  height: 4.4rem;
  font-size: 1.4rem;
  margin: 0.5rem 0;
  padding: 1.2rem;
  background: hsla(0,0%,100%);
  border: 1px solid hsla(0,0%,80%);
  border-radius: 0.2rem;
  color: hsla(0,0%,40%);
  opacity: 1;
  background: hsla(0,0%,100%);
  border: 1px solid hsla(0,0%,80%);
  border-radius: 0.2rem;
  color: hsla(0,0%,40%);
}

.c3::-webkit-input-placeholder {
  color: hsla(0,0%,52%);
  font-weight: 300;
  font-style: italic;
}

.c3::-moz-placeholder {
  color: hsla(0,0%,52%);
  font-weight: 300;
  font-style: italic;
}

.c3:-ms-input-placeholder {
  color: hsla(0,0%,52%);
  font-weight: 300;
  font-style: italic;
}

.c3::placeholder {
  color: hsla(0,0%,52%);
  font-weight: 300;
  font-style: italic;
}

.c0 {
  margin: 1rem auto;
  padding: 2rem 1rem;
  width: 100%;
}

.c0 button,
.c0 a {
  padding-right: 3rem;
  padding-left: 3rem;
}

.c0 > label {
  width: 100%;
  display: block;
  font-weight: 700;
  font-size: 1.7rem;
}

<div>
  <form
    class="c0"
  >
    <div
      class="c1"
    >
      
      <div
        class="c2"
      >
        <input
          aria-label=""
          class="c3"
          id="cpf"
          name="cpf"
          placeholder="Your CPF"
          type="text"
          value="___.___.___-__"
          variant="default"
        />
      </div>
    </div>
  </form>
</div>
`;

exports[`it shows validation error on submit if the value is invalid 1`] = `
.c4 {
  color: hsla(0,79%,63%);
  margin: 0 0 1rem 0;
  display: inline-block;
}

.c2 {
  display: -webkit-box;
  display: -webkit-flex;
  display: -ms-flexbox;
  display: flex;
  -webkit-align-items: flex-end;
  -webkit-box-align: flex-end;
  -ms-flex-align: flex-end;
  align-items: flex-end;
}

.c1 {
  font-size: 1.4rem;
  line-height: 14px;
}

.c1 > div.wrapper {
  display: -webkit-box;
  display: -webkit-flex;
  display: -ms-flexbox;
  display: flex;
}

.c1 > input {
  border: 1px solid hsla(29,94%,62%);
}

.c1 > .react-select-container .react-select__control {
  border-color: hsla(29,94%,62%);
}

.c3 {
  width: 100%;
  height: 4.4rem;
  font-size: 1.4rem;
  margin: 0.5rem 0;
  padding: 1.2rem;
  background: hsla(0,0%,100%);
  border: 1px solid hsla(0,0%,80%);
  border-radius: 0.2rem;
  color: hsla(0,0%,40%);
  opacity: 1;
  background: hsla(0,0%,100%);
  border: 1px solid hsla(0,0%,80%);
  border-radius: 0.2rem;
  color: hsla(0,0%,40%);
}

.c3::-webkit-input-placeholder {
  color: hsla(0,0%,52%);
  font-weight: 300;
  font-style: italic;
}

.c3::-moz-placeholder {
  color: hsla(0,0%,52%);
  font-weight: 300;
  font-style: italic;
}

.c3:-ms-input-placeholder {
  color: hsla(0,0%,52%);
  font-weight: 300;
  font-style: italic;
}

.c3::placeholder {
  color: hsla(0,0%,52%);
  font-weight: 300;
  font-style: italic;
}

.c0 {
  margin: 1rem auto;
  padding: 2rem 1rem;
  width: 100%;
}

.c0 button,
.c0 a {
  padding-right: 3rem;
  padding-left: 3rem;
}

.c0 > label {
  width: 100%;
  display: block;
  font-weight: 700;
  font-size: 1.7rem;
}

<div>
  <form
    class="c0"
  >
    <div
      class="c1"
    >
      
      <div
        class="c2"
      >
        <input
          aria-label=""
          class="c3"
          id="CEP"
          name="CEP"
          placeholder="Your CEP"
          type="text"
          value="12___-___"
          variant="default"
        />
      </div>
      <span
        class="c4"
      >
        Padrão inválido
      </span>
    </div>
  </form>
</div>
`;
