// Jest Snapshot v1, https://goo.gl/fbAQLP

exports[`it renders MyAccount main page correctly 1`] = `
.c0 {
  position: fixed;
  top: 0;
  left: 0;
  right: 0;
  bottom: 0;
  z-index: 1500;
  background: rgba(1,1,1,0.5);
  display: -webkit-box;
  display: -webkit-flex;
  display: -ms-flexbox;
  display: flex;
  -webkit-align-items: center;
  -webkit-box-align: center;
  -ms-flex-align: center;
  align-items: center;
  -webkit-box-pack: center;
  -webkit-justify-content: center;
  -ms-flex-pack: center;
  justify-content: center;
  overflow: auto;
}

.c1 {
  position: fixed;
  min-width: 40rem;
  max-height: 100vh;
  z-index: 2000;
  padding: 3.2rem;
  background: hsla(0,0%,100%);
  border-radius: 0.5rem;
  box-shadow: 0px 0px 20px -5px rgba(38,38,38,1);
  overflow-y: auto;
}

.c2 {
  background: 0;
  border: 0;
  position: absolute;
  top: 1rem;
  right: 1rem;
}

.c2 svg {
  height: 3rem;
  width: 3rem;
  -webkit-transition: color 0.3s;
  transition: color 0.3s;
}

.c2 svg:hover {
  color: hsla(29,94%,62%);
}

.c11 {
  background-color: hsla(29,94%,62%);
  color: hsla(0,0%,100%);
  border-radius: 0.5rem;
  border: none;
  font-size: 2.2rem;
  text-transform: uppercase;
  padding: 1.8rem 6rem;
  text-align: center;
  -webkit-text-decoration: none;
  text-decoration: none;
  display: inline-block;
}

.c11:hover {
  opacity: 0.8;
}

.c7 {
  display: -webkit-box;
  display: -webkit-flex;
  display: -ms-flexbox;
  display: flex;
  -webkit-align-items: flex-end;
  -webkit-box-align: flex-end;
  -ms-flex-align: flex-end;
  align-items: flex-end;
}

.c8 {
  width: 100%;
  height: 4.4rem;
  font-size: 1.4rem;
  margin: 0.5rem 0;
  padding: 1.2rem;
  opacity: 1;
  background: hsla(0,0%,100%);
  border: 1px solid hsla(0,0%,80%);
  border-radius: 0.2rem;
  color: hsla(0,0%,40%);
}

.c8::-webkit-input-placeholder {
  color: hsla(0,0%,52%);
  font-weight: 300;
  font-style: italic;
}

.c8::-moz-placeholder {
  color: hsla(0,0%,52%);
  font-weight: 300;
  font-style: italic;
}

.c8:-ms-input-placeholder {
  color: hsla(0,0%,52%);
  font-weight: 300;
  font-style: italic;
}

.c8::placeholder {
  color: hsla(0,0%,52%);
  font-weight: 300;
  font-style: italic;
}

.c6 {
  font-size: 1.4rem;
  line-height: 14px;
  display: -webkit-box;
  display: -webkit-flex;
  display: -ms-flexbox;
  display: flex;
  -webkit-flex-direction: column;
  -ms-flex-direction: column;
  flex-direction: column;
}

.c6 > div.wrapper {
  display: -webkit-box;
  display: -webkit-flex;
  display: -ms-flexbox;
  display: flex;
}

.c4 {
  margin: 1rem auto;
  padding: 2rem 1rem;
  width: 100%;
}

.c4 button,
.c4 a {
  padding-right: 3rem;
  padding-left: 3rem;
}

.c4 > label {
  width: 100%;
  display: block;
  font-weight: 700;
  font-size: 1.7rem;
}

.c10 {
  display: -webkit-box;
  display: -webkit-flex;
  display: -ms-flexbox;
  display: flex;
  -webkit-box-pack: end;
  -webkit-justify-content: flex-end;
  -ms-flex-pack: end;
  justify-content: flex-end;
  -webkit-flex-direction: column;
  -ms-flex-direction: column;
  flex-direction: column;
}

.c10 > a[href] {
  -webkit-align-self: center;
  -ms-flex-item-align: center;
  align-self: center;
  padding: 0 1rem;
}

.c10 > button {
  margin-top: 0.5rem;
  margin-left: 0rem;
}

.c3 {
  width: 50rem;
}

.c3 form {
  margin-top: 0rem;
  padding-top: 0rem;
}

.c3 button {
  width: 100%;
  background-color: hsla(29,94%,62%);
  margin-top: 2rem;
  margin-bottom: 2rem;
}

.c3 a {
  font-weight: 100;
}

.c5 {
  display: block;
  font-weight: 500;
  font-size: 3rem;
  color: hsla(0,0%,40%);
  padding-bottom: 2rem;
  display: -webkit-box;
  display: -webkit-flex;
  display: -ms-flexbox;
  display: flex;
  -webkit-flex-direction: column;
  -ms-flex-direction: column;
  flex-direction: column;
  -webkit-align-items: center;
  -webkit-box-align: center;
  -ms-flex-align: center;
  align-items: center;
}

.c13 {
  margin-top: 3rem;
  width: 100%;
  display: -webkit-box;
  display: -webkit-flex;
  display: -ms-flexbox;
  display: flex;
  -webkit-flex-direction: column;
  -ms-flex-direction: column;
  flex-direction: column;
  -webkit-align-items: center;
  -webkit-box-align: center;
  -ms-flex-align: center;
  align-items: center;
}

.c13 button {
  width: 100%;
  background-color: hsl(166,100%,34%);
  margin-top: 1.5rem;
  margin-bottom: 2rem;
}

.c12 {
  -webkit-align-self: center;
  -ms-flex-item-align: center;
  align-self: center;
  color: hsla(29,94%,62%);
  font-weight: 500 !important;
  margin: 0rem !important;
  padding: 0rem !important;
}

.c9 {
  color: hsla(123,40%,59%);
}

.c14 {
  display: -webkit-box;
  display: -webkit-flex;
  display: -ms-flexbox;
  display: flex;
  margin: 0 auto;
  background-color: hsla(0,0%,98%);
  padding: 3rem 4rem 6rem;
}

.c14 > section:first-child {
  margin-right: 4rem;
}

.c15 {
  display: -webkit-box;
  display: -webkit-flex;
  display: -ms-flexbox;
  display: flex;
  -webkit-flex-direction: column;
  -ms-flex-direction: column;
  flex-direction: column;
  -webkit-align-items: center;
  -webkit-box-align: center;
  -ms-flex-align: center;
  align-items: center;
  -webkit-box-pack: center;
  -webkit-justify-content: center;
  -ms-flex-pack: center;
  justify-content: center;
  text-align: center;
}

.c15 h1 {
  color: hsla(0,0%,7%);
  font-size: 3.6rem;
  margin: auto;
}

@media (max-width:768px) {
  .c1 {
    min-width: 90%;
    padding: 2rem;
    margin: 1rem;
    overflow-x: hidden;
    overflow-y: scroll;
  }
}

@media (max-width:768px) {
  .c11 {
    font-size: 1.6rem;
    padding: 1.4rem 6rem;
  }
}

@media (max-width:768px) {
  .c10 {
    -webkit-flex-direction: column;
    -ms-flex-direction: column;
    flex-direction: column;
    -webkit-box-pack: center;
    -webkit-justify-content: center;
    -ms-flex-pack: center;
    justify-content: center;
  }

  .c10 > button {
    margin-left: 0;
  }
}

@media (max-width:768px) {
  .c3 {
    width: 100%;
  }
}

@media (max-width:768px) {
  .c14 {
    padding: 2rem;
  }

  .c14 > section:first-child {
    margin-right: 0;
  }
}

@media screen and (max-width:950px) {
  .c14 {
    -webkit-flex-direction: column;
    -ms-flex-direction: column;
    flex-direction: column;
  }
}

<div>
  <div
    class="c0"
  >
    <div
      class="c1"
      data-testid="modal"
    >
      <button
        aria-label="Close modal"
        class="c2"
      >
        <svg
          fill="currentColor"
          height="1em"
          stroke="currentColor"
          stroke-width="0"
          viewBox="0 0 1024 1024"
          width="1em"
          xmlns="http://www.w3.org/2000/svg"
        >
          <path
            d="M512 64C264.6 64 64 264.6 64 512s200.6 448 448 448 448-200.6 448-448S759.4 64 512 64zm165.4 618.2l-66-.3L512 563.4l-99.3 118.4-66.1.3c-4.4 0-8-3.5-8-8 0-1.9.7-3.7 1.9-5.2l130.1-155L340.5 359a8.32 8.32 0 0 1-1.9-5.2c0-4.4 3.6-8 8-8l66.1.3L512 464.6l99.3-118.4 66-.3c4.4 0 8 3.5 8 8 0 1.9-.7 3.7-1.9 5.2L553.5 514l130 155c1.2 1.5 1.9 3.3 1.9 5.2 0 4.4-3.6 8-8 8z"
          />
        </svg>
      </button>
      <div
        class="c3"
      >
        <form
          class="c4"
        >
          <div
            class="c5"
          >
            Já tem cadastro?
          </div>
          <div
            class="c6"
          >
            
            <div
              class="c7"
            >
              <input
                aria-label=""
                aria-required="true"
                class="c8"
                id="email"
                name="email"
                placeholder="E-mail *"
                type="email"
              />
            </div>
          </div>
          <div
            class="c6"
          >
            
            <div
              class="c7"
            >
              <input
                aria-label=""
                aria-required="true"
                class="c8"
                id="password"
                name="password"
                placeholder="Senha *"
                type="password"
              />
            </div>
          </div>
          <p
            class="c9"
          >
            Faça login ou crie uma conta para continuar
          </p>
          <div
            class="c10"
          >
            <button
              class="c11"
              color="hsla(0, 0%, 100%)"
              name=""
              title=""
              type="submit"
            >
              Entrar
            </button>
            <a
              class="c12"
            >
              Esqueci minha senha
            </a>
          </div>
        </form>
        <div
          class="c13"
        >
          <div
            class="c5"
          >
            Você é novo aqui?
          </div>
          <button
            class="c11"
            color="hsla(0, 0%, 100%)"
            name=""
            title=""
            type="button"
          >
            CADASTRE SEU USUÁRIO
          </button>
          <a
            class="c12"
          >
            Confirmar conta
          </a>
        </div>
      </div>
    </div>
  </div>
  <div
    class="c14"
  >
    <div
      class="c15"
      data-testid="notAuthorized"
    >
      <h1>
        Você não possui autorização para acessar este conteúdo
      </h1>
    </div>
  </div>
</div>
`;
