// Jest Snapshot v1, https://goo.gl/fbAQLP

exports[`<CreateInstitutionsModal /> should render correctly 1`] = `
.c5 {
  color: hsla(0,0%,40%);
  font-size: 1.4rem;
  font-weight: 500;
}

.c7 {
  display: -webkit-box;
  display: -webkit-flex;
  display: -ms-flexbox;
  display: flex;
  -webkit-align-items: flex-end;
  -webkit-box-align: flex-end;
  -ms-flex-align: flex-end;
  align-items: flex-end;
}

.c8 {
  width: 100%;
  height: 4.4rem;
  font-size: 1.4rem;
  margin: 0.5rem 0;
  padding: 1.2rem;
  opacity: 1;
  border: 1px solid hsl(0,0%,93%);
  border-radius: 0.5rem;
  background: hsl(0,0%,93%);
}

.c8::-webkit-input-placeholder {
  color: hsla(0,0%,52%);
  font-weight: 300;
  font-style: italic;
}

.c8::-moz-placeholder {
  color: hsla(0,0%,52%);
  font-weight: 300;
  font-style: italic;
}

.c8:-ms-input-placeholder {
  color: hsla(0,0%,52%);
  font-weight: 300;
  font-style: italic;
}

.c8::placeholder {
  color: hsla(0,0%,52%);
  font-weight: 300;
  font-style: italic;
}

.c4 {
  font-size: 1.4rem;
  line-height: 14px;
  display: -webkit-box;
  display: -webkit-flex;
  display: -ms-flexbox;
  display: flex;
  -webkit-flex-direction: column;
  -ms-flex-direction: column;
  flex-direction: column;
}

.c4 > div.wrapper {
  display: -webkit-box;
  display: -webkit-flex;
  display: -ms-flexbox;
  display: flex;
}

.c11 {
  font-size: 1.4rem;
  line-height: 14px;
}

.c11 > div.wrapper {
  display: -webkit-box;
  display: -webkit-flex;
  display: -ms-flexbox;
  display: flex;
}

.c6 {
  color: hsla(0,79%,63%);
  margin-left: 0.5rem;
  display: inline-block;
}

.c12 {
  width: 100%;
  height: 4.4rem;
  font-size: 1.4rem;
  margin: 0.5rem 0;
  padding: 1.2rem;
  background: hsla(0,0%,100%);
  border: 1px solid hsla(0,0%,80%);
  border-radius: 0.2rem;
  color: hsla(0,0%,40%);
  opacity: 1;
  border: 1px solid hsl(0,0%,93%);
  border-radius: 0.5rem;
  background: hsl(0,0%,93%);
}

.c12::-webkit-input-placeholder {
  color: hsla(0,0%,52%);
  font-weight: 300;
  font-style: italic;
}

.c12::-moz-placeholder {
  color: hsla(0,0%,52%);
  font-weight: 300;
  font-style: italic;
}

.c12:-ms-input-placeholder {
  color: hsla(0,0%,52%);
  font-weight: 300;
  font-style: italic;
}

.c12::placeholder {
  color: hsla(0,0%,52%);
  font-weight: 300;
  font-style: italic;
}

.c1 {
  margin: 1rem auto;
  padding: 2rem 1rem;
  width: 100%;
}

.c1 button,
.c1 a {
  padding-right: 3rem;
  padding-left: 3rem;
}

.c1 > label {
  width: 100%;
  display: block;
  font-weight: 700;
  font-size: 1.7rem;
}

.c14 {
  display: -webkit-box;
  display: -webkit-flex;
  display: -ms-flexbox;
  display: flex;
  -webkit-box-pack: center;
  -webkit-justify-content: center;
  -ms-flex-pack: center;
  justify-content: center;
  -webkit-flex-direction: row;
  -ms-flex-direction: row;
  flex-direction: row;
}

.c14 > a[href] {
  -webkit-align-self: center;
  -ms-flex-item-align: center;
  align-self: center;
  padding: 0 1rem;
}

.c14 > button {
  margin-top: 0.5rem;
  margin-left: 1.5rem;
}

.c0 {
  background-color: hsla(0,0%,100%);
  border-radius: 5px;
  width: 100%;
  max-width: 51.2rem;
}

.c0 label {
  font-size: 1.6rem;
}

.c0 button {
  margin-top: 2rem;
}

.c0 h3 {
  font-size: 28px;
  font-style: normal;
  font-weight: 500;
  line-height: 33px;
  text-align: center;
  color: hsl(166,100%,34%);
  margin-top: 2.8rem;
}

.c15 {
  display: -webkit-box;
  display: -webkit-flex;
  display: -ms-flexbox;
  display: flex;
  -webkit-align-items: center;
  -webkit-box-align: center;
  -ms-flex-align: center;
  align-items: center;
  -webkit-align-self: center;
  -ms-flex-item-align: center;
  align-self: center;
  border: none;
  outline: none;
  text-transform: uppercase;
  font-weight: bold;
  font-size: 1.4rem;
  line-height: 2.4rem;
  background: none;
  color: hsla(0,79%,63%);
  border: 2px solid hsla(0,79%,63%);
  padding: 0.2rem 0.6rem;
}

.c15 > svg {
  margin-right: 0.4rem;
}

.c15:disabled {
  pointer-events: none;
  opacity: 0.5;
}

.c15:hover,
.c15:focus {
  color: hsla(0,0%,100%);
  background-color: hsla(0,79%,63%);
}

.c16 {
  display: -webkit-box;
  display: -webkit-flex;
  display: -ms-flexbox;
  display: flex;
  -webkit-align-items: center;
  -webkit-box-align: center;
  -ms-flex-align: center;
  align-items: center;
  -webkit-align-self: center;
  -ms-flex-item-align: center;
  align-self: center;
  border: none;
  outline: none;
  text-transform: uppercase;
  font-weight: bold;
  font-size: 1.4rem;
  line-height: 2.4rem;
  background: hsl(166,100%,34%);
  color: hsla(0,0%,100%);
  padding: 0.4rem 0.8rem;
}

.c16 > svg {
  margin-right: 0.4rem;
}

.c16:disabled {
  pointer-events: none;
  opacity: 0.5;
}

.c16:hover,
.c16:focus {
  background: hsla(146,64%,36%);
}

.c13 {
  display: -webkit-box;
  display: -webkit-flex;
  display: -ms-flexbox;
  display: flex;
  -webkit-flex-direction: column;
  -ms-flex-direction: column;
  flex-direction: column;
}

.c2 {
  display: -webkit-box;
  display: -webkit-flex;
  display: -ms-flexbox;
  display: flex;
  -webkit-align-items: stretch;
  -webkit-box-align: stretch;
  -ms-flex-align: stretch;
  align-items: stretch;
  -webkit-box-pack: start;
  -webkit-justify-content: flex-start;
  -ms-flex-pack: start;
  justify-content: flex-start;
  -webkit-flex-direction: row;
  -ms-flex-direction: row;
  flex-direction: row;
  margin-top: 0rem;
  margin-right: 0rem;
  margin-bottom: 1rem;
  margin-left: 0rem;
  background-color: transparent;
}

.c3 {
  -webkit-flex: 12;
  -ms-flex: 12;
  flex: 12;
  margin: 0 1rem 0 0;
  text-align: left;
}

.c9 {
  -webkit-flex: 4;
  -ms-flex: 4;
  flex: 4;
  margin: 0 1rem 0 0;
  text-align: left;
}

.c10 {
  -webkit-flex: 8;
  -ms-flex: 8;
  flex: 8;
  margin: 0 1rem 0 0;
  text-align: left;
}

@media (max-width:768px) {
  .c14 {
    -webkit-flex-direction: column;
    -ms-flex-direction: column;
    flex-direction: column;
    -webkit-box-pack: center;
    -webkit-justify-content: center;
    -ms-flex-pack: center;
    justify-content: center;
  }

  .c14 > button {
    margin-left: 0;
  }
}

@media (max-width:768px) {
  .c2 {
    -webkit-flex-direction: column;
    -ms-flex-direction: column;
    flex-direction: column;
    -webkit-align-items: stretch;
    -webkit-box-align: stretch;
    -ms-flex-align: stretch;
    align-items: stretch;
  }
}

@media (max-width:1170px) {
  .c3 {
    max-width: initial;
    margin: 0 0 1rem 0;
  }
}

@media (max-width:768px) {
  .c3 {
    margin: 0;
  }
}

@media (max-width:1170px) {
  .c9 {
    max-width: initial;
    margin: 0 0 1rem 0;
  }
}

@media (max-width:768px) {
  .c9 {
    margin: 0;
  }
}

@media (max-width:1170px) {
  .c10 {
    max-width: initial;
    margin: 0 0 1rem 0;
  }
}

@media (max-width:768px) {
  .c10 {
    margin: 0;
  }
}

<div>
  <section
    class="c0"
  >
    <h3>
      Cadastrar nova Organização
    </h3>
    <form
      class="c1"
      role="form"
    >
      <div
        class="c2"
      >
        <div
          class="c3"
        >
          <div
            class="c4"
          >
            <label
              class="c5"
              for="name"
            >
              Nome
               
              <span
                aria-label="Indicador visual de campo obrigatório"
                class="c6"
              >
                *
              </span>
            </label>
            <div
              class="c7"
            >
              <input
                aria-label="Nome"
                aria-required="true"
                class="c8"
                id="name"
                name="name"
                placeholder=""
                type="text"
              />
            </div>
          </div>
        </div>
      </div>
      <div
        class="c2"
      >
        <div
          class="c9"
        >
          <div
            class="c4"
          >
            <label
              class="c5"
              for="initials"
            >
              Sigla
               
              <span
                aria-label="Indicador visual de campo obrigatório"
                class="c6"
              >
                *
              </span>
            </label>
            <div
              class="c7"
            >
              <input
                aria-label="Sigla"
                aria-required="true"
                class="c8"
                id="initials"
                name="initials"
                placeholder=""
                type="text"
              />
            </div>
          </div>
        </div>
        <div
          class="c10"
        >
          <div
            class="c11"
          >
            <label
              class="c5"
              for="cnpj"
            >
              CNPJ
               
              <span
                aria-label="Indicador visual de campo obrigatório"
                class="c6"
              >
                *
              </span>
            </label>
            <div
              class="c7"
            >
              <input
                aria-label="CNPJ"
                aria-required="true"
                class="c12"
                id="cnpj"
                name="cnpj"
                placeholder=""
                type="text"
                value=""
                variant="gray"
              />
            </div>
          </div>
        </div>
      </div>
      <div
        class="c2"
      >
        <div
          class="c3"
        >
          <label
            class="c5"
          >
            Logradouro 
            <span
              aria-label="Indicador visual de campo obrigatório"
              class="c6"
            >
              *
            </span>
          </label>
          <div>
            <div
              class="c4"
            >
              
              <div
                class="c7"
              >
                <input
                  aria-autocomplete="list"
                  aria-expanded="false"
                  aria-label=""
                  autocomplete="off"
                  class="c8 location-search-input"
                  id="places"
                  name="places"
                  placeholder="Procurar localidades..."
                  role="combobox"
                  type="text"
                  value=""
                />
              </div>
            </div>
            <div
              class="autocomplete-dropdown-container"
            >
              <div
                class="c13"
              />
            </div>
          </div>
        </div>
      </div>
      <input
        class="InputHiddenField__HiddenInput-sc-6iicr0-0"
        id="address"
        name="address"
        type="hidden"
      />
      <input
        class="InputHiddenField__HiddenInput-sc-6iicr0-0"
        id="lat"
        name="lat"
        type="hidden"
      />
      <input
        class="InputHiddenField__HiddenInput-sc-6iicr0-0"
        id="lng"
        name="lng"
        type="hidden"
      />
      <div
        class="c14"
      >
        <button
          class="c15"
          type="button"
        >
          Cancelar
        </button>
        <button
          class="c16"
          type="submit"
        >
          Continuar
        </button>
      </div>
    </form>
  </section>
</div>
`;
